Archive member included to satisfy reference by file (symbol)

g:/vxl/stm32/stm32cubeide/plugins/com.st.stm32cube.ide.mcu.externaltools.gnu-tools-for-stm32.9-2020-q2-update.win32_2.0.0.202105311346/tools/bin/../lib/gcc/arm-none-eabi/9.3.1/../../../../arm-none-eabi/lib/thumb/v7-m/nofp\libc_nano.a(lib_a-errno.o)
                              ./Core/Src/syscalls.o (__errno)
g:/vxl/stm32/stm32cubeide/plugins/com.st.stm32cube.ide.mcu.externaltools.gnu-tools-for-stm32.9-2020-q2-update.win32_2.0.0.202105311346/tools/bin/../lib/gcc/arm-none-eabi/9.3.1/../../../../arm-none-eabi/lib/thumb/v7-m/nofp\libc_nano.a(lib_a-exit.o)
                              g:/vxl/stm32/stm32cubeide/plugins/com.st.stm32cube.ide.mcu.externaltools.gnu-tools-for-stm32.9-2020-q2-update.win32_2.0.0.202105311346/tools/bin/../lib/gcc/arm-none-eabi/9.3.1/../../../../arm-none-eabi/lib/thumb/v7-m/nofp/crt0.o (exit)
g:/vxl/stm32/stm32cubeide/plugins/com.st.stm32cube.ide.mcu.externaltools.gnu-tools-for-stm32.9-2020-q2-update.win32_2.0.0.202105311346/tools/bin/../lib/gcc/arm-none-eabi/9.3.1/../../../../arm-none-eabi/lib/thumb/v7-m/nofp\libc_nano.a(lib_a-impure.o)
                              g:/vxl/stm32/stm32cubeide/plugins/com.st.stm32cube.ide.mcu.externaltools.gnu-tools-for-stm32.9-2020-q2-update.win32_2.0.0.202105311346/tools/bin/../lib/gcc/arm-none-eabi/9.3.1/../../../../arm-none-eabi/lib/thumb/v7-m/nofp\libc_nano.a(lib_a-exit.o) (_global_impure_ptr)
g:/vxl/stm32/stm32cubeide/plugins/com.st.stm32cube.ide.mcu.externaltools.gnu-tools-for-stm32.9-2020-q2-update.win32_2.0.0.202105311346/tools/bin/../lib/gcc/arm-none-eabi/9.3.1/../../../../arm-none-eabi/lib/thumb/v7-m/nofp\libc_nano.a(lib_a-init.o)
                              g:/vxl/stm32/stm32cubeide/plugins/com.st.stm32cube.ide.mcu.externaltools.gnu-tools-for-stm32.9-2020-q2-update.win32_2.0.0.202105311346/tools/bin/../lib/gcc/arm-none-eabi/9.3.1/../../../../arm-none-eabi/lib/thumb/v7-m/nofp/crt0.o (__libc_init_array)
g:/vxl/stm32/stm32cubeide/plugins/com.st.stm32cube.ide.mcu.externaltools.gnu-tools-for-stm32.9-2020-q2-update.win32_2.0.0.202105311346/tools/bin/../lib/gcc/arm-none-eabi/9.3.1/../../../../arm-none-eabi/lib/thumb/v7-m/nofp\libc_nano.a(lib_a-memcpy-stub.o)
                              ./Core/Src/7SEG.o (memcpy)
g:/vxl/stm32/stm32cubeide/plugins/com.st.stm32cube.ide.mcu.externaltools.gnu-tools-for-stm32.9-2020-q2-update.win32_2.0.0.202105311346/tools/bin/../lib/gcc/arm-none-eabi/9.3.1/../../../../arm-none-eabi/lib/thumb/v7-m/nofp\libc_nano.a(lib_a-memset.o)
                              g:/vxl/stm32/stm32cubeide/plugins/com.st.stm32cube.ide.mcu.externaltools.gnu-tools-for-stm32.9-2020-q2-update.win32_2.0.0.202105311346/tools/bin/../lib/gcc/arm-none-eabi/9.3.1/../../../../arm-none-eabi/lib/thumb/v7-m/nofp/crt0.o (memset)

Allocating common symbols
Common symbol       size              file

uwTick              0x4               ./Drivers/STM32F1xx_HAL_Driver/Src/stm32f1xx_hal.o
pFlash              0x20              ./Drivers/STM32F1xx_HAL_Driver/Src/stm32f1xx_hal_flash.o
htim2               0x48              ./Core/Src/main.o
display_flag        0x4               ./Core/Src/light_system.o

Discarded input sections

 .text          0x0000000000000000        0x0 g:/vxl/stm32/stm32cubeide/plugins/com.st.stm32cube.ide.mcu.externaltools.gnu-tools-for-stm32.9-2020-q2-update.win32_2.0.0.202105311346/tools/bin/../lib/gcc/arm-none-eabi/9.3.1/thumb/v7-m/nofp/crti.o
 .data          0x0000000000000000        0x0 g:/vxl/stm32/stm32cubeide/plugins/com.st.stm32cube.ide.mcu.externaltools.gnu-tools-for-stm32.9-2020-q2-update.win32_2.0.0.202105311346/tools/bin/../lib/gcc/arm-none-eabi/9.3.1/thumb/v7-m/nofp/crti.o
 .bss           0x0000000000000000        0x0 g:/vxl/stm32/stm32cubeide/plugins/com.st.stm32cube.ide.mcu.externaltools.gnu-tools-for-stm32.9-2020-q2-update.win32_2.0.0.202105311346/tools/bin/../lib/gcc/arm-none-eabi/9.3.1/thumb/v7-m/nofp/crti.o
 .data          0x0000000000000000        0x4 g:/vxl/stm32/stm32cubeide/plugins/com.st.stm32cube.ide.mcu.externaltools.gnu-tools-for-stm32.9-2020-q2-update.win32_2.0.0.202105311346/tools/bin/../lib/gcc/arm-none-eabi/9.3.1/thumb/v7-m/nofp/crtbegin.o
 .text          0x0000000000000000       0x7c g:/vxl/stm32/stm32cubeide/plugins/com.st.stm32cube.ide.mcu.externaltools.gnu-tools-for-stm32.9-2020-q2-update.win32_2.0.0.202105311346/tools/bin/../lib/gcc/arm-none-eabi/9.3.1/../../../../arm-none-eabi/lib/thumb/v7-m/nofp/crt0.o
 .data          0x0000000000000000        0x0 g:/vxl/stm32/stm32cubeide/plugins/com.st.stm32cube.ide.mcu.externaltools.gnu-tools-for-stm32.9-2020-q2-update.win32_2.0.0.202105311346/tools/bin/../lib/gcc/arm-none-eabi/9.3.1/../../../../arm-none-eabi/lib/thumb/v7-m/nofp/crt0.o
[...]
Memory Configuration

Name             Origin             Length             Attributes
RAM              0x0000000020000000 0x0000000000002800 xrw
FLASH            0x0000000008000000 0x0000000000008000 xr
*default*        0x0000000000000000 0xffffffffffffffff

Linker script and memory map

LOAD g:/vxl/stm32/stm32cubeide/plugins/com.st.stm32cube.ide.mcu.externaltools.gnu-tools-for-stm32.9-2020-q2-update.win32_2.0.0.202105311346/tools/bin/../lib/gcc/arm-none-eabi/9.3.1/thumb/v7-m/nofp/crti.o
LOAD g:/vxl/stm32/stm32cubeide/plugins/com.st.stm32cube.ide.mcu.externaltools.gnu-tools-for-stm32.9-2020-q2-update.win32_2.0.0.202105311346/tools/bin/../lib/gcc/arm-none-eabi/9.3.1/thumb/v7-m/nofp/crtbegin.o
LOAD g:/vxl/stm32/stm32cubeide/plugins/com.st.stm32cube.ide.mcu.externaltools.gnu-tools-for-stm32.9-2020-q2-update.win32_2.0.0.202105311346/tools/bin/../lib/gcc/arm-none-eabi/9.3.1/../../../../arm-none-eabi/lib/thumb/v7-m/nofp/crt0.o
LOAD ./Core/Src/7SEG.o
LOAD ./Core/Src/input_processing.o
LOAD ./Core/Src/input_reading.o
LOAD ./Core/Src/light_system.o
LOAD ./Core/Src/main.o
LOAD ./Core/Src/software_timer.o
LOAD ./Core/Src/stm32f1xx_hal_msp.o
LOAD ./Core/Src/stm32f1xx_it.o
LOAD ./Core/Src/syscalls.o
LOAD ./Core/Src/sysmem.o
LOAD ./Core/Src/system_stm32f1xx.o
LOAD ./Core/Startup/startup_stm32f103c6ux.o
LOAD ./Drivers/STM32F1xx_HAL_Driver/Src/stm32f1xx_hal.o
LOAD ./Drivers/STM32F1xx_HAL_Driver/Src/stm32f1xx_hal_cortex.o
LOAD ./Drivers/STM32F1xx_HAL_Driver/Src/stm32f1xx_hal_dma.o
LOAD ./Drivers/STM32F1xx_HAL_Driver/Src/stm32f1xx_hal_exti.o
LOAD ./Drivers/STM32F1xx_HAL_Driver/Src/stm32f1xx_hal_flash.o
LOAD ./Drivers/STM32F1xx_HAL_Driver/Src/stm32f1xx_hal_flash_ex.o
LOAD ./Drivers/STM32F1xx_HAL_Driver/Src/stm32f1xx_hal_gpio.o
LOAD ./Drivers/STM32F1xx_HAL_Driver/Src/stm32f1xx_hal_gpio_ex.o
LOAD ./Drivers/STM32F1xx_HAL_Driver/Src/stm32f1xx_hal_pwr.o
LOAD ./Drivers/STM32F1xx_HAL_Driver/Src/stm32f1xx_hal_rcc.o
LOAD ./Drivers/STM32F1xx_HAL_Driver/Src/stm32f1xx_hal_rcc_ex.o
LOAD ./Drivers/STM32F1xx_HAL_Driver/Src/stm32f1xx_hal_tim.o
LOAD ./Drivers/STM32F1xx_HAL_Driver/Src/stm32f1xx_hal_tim_ex.o
START GROUP
LOAD g:/vxl/stm32/stm32cubeide/plugins/com.st.stm32cube.ide.mcu.externaltools.gnu-tools-for-stm32.9-2020-q2-update.win32_2.0.0.202105311346/tools/bin/../lib/gcc/arm-none-eabi/9.3.1/../../../../arm-none-eabi/lib/thumb/v7-m/nofp\libc_nano.a
LOAD g:/vxl/stm32/stm32cubeide/plugins/com.st.stm32cube.ide.mcu.externaltools.gnu-tools-for-stm32.9-2020-q2-update.win32_2.0.0.202105311346/tools/bin/../lib/gcc/arm-none-eabi/9.3.1/../../../../arm-none-eabi/lib/thumb/v7-m/nofp\libm.a
END GROUP
START GROUP
LOAD g:/vxl/stm32/stm32cubeide/plugins/com.st.stm32cube.ide.mcu.externaltools.gnu-tools-for-stm32.9-2020-q2-update.win32_2.0.0.202105311346/tools/bin/../lib/gcc/arm-none-eabi/9.3.1/thumb/v7-m/nofp\libgcc.a
LOAD g:/vxl/stm32/stm32cubeide/plugins/com.st.stm32cube.ide.mcu.externaltools.gnu-tools-for-stm32.9-2020-q2-update.win32_2.0.0.202105311346/tools/bin/../lib/gcc/arm-none-eabi/9.3.1/../../../../arm-none-eabi/lib/thumb/v7-m/nofp\libc_nano.a
END GROUP
START GROUP
LOAD g:/vxl/stm32/stm32cubeide/plugins/com.st.stm32cube.ide.mcu.externaltools.gnu-tools-for-stm32.9-2020-q2-update.win32_2.0.0.202105311346/tools/bin/../lib/gcc/arm-none-eabi/9.3.1/thumb/v7-m/nofp\libgcc.a
LOAD g:/vxl/stm32/stm32cubeide/plugins/com.st.stm32cube.ide.mcu.externaltools.gnu-tools-for-stm32.9-2020-q2-update.win32_2.0.0.202105311346/tools/bin/../lib/gcc/arm-none-eabi/9.3.1/../../../../arm-none-eabi/lib/thumb/v7-m/nofp\libc_nano.a
LOAD g:/vxl/stm32/stm32cubeide/plugins/com.st.stm32cube.ide.mcu.externaltools.gnu-tools-for-stm32.9-2020-q2-update.win32_2.0.0.202105311346/tools/bin/../lib/gcc/arm-none-eabi/9.3.1/../../../../arm-none-eabi/lib/thumb/v7-m/nofp\libnosys.a
END GROUP
START GROUP
LOAD g:/vxl/stm32/stm32cubeide/plugins/com.st.stm32cube.ide.mcu.externaltools.gnu-tools-for-stm32.9-2020-q2-update.win32_2.0.0.202105311346/tools/bin/../lib/gcc/arm-none-eabi/9.3.1/thumb/v7-m/nofp\libgcc.a
LOAD g:/vxl/stm32/stm32cubeide/plugins/com.st.stm32cube.ide.mcu.externaltools.gnu-tools-for-stm32.9-2020-q2-update.win32_2.0.0.202105311346/tools/bin/../lib/gcc/arm-none-eabi/9.3.1/../../../../arm-none-eabi/lib/thumb/v7-m/nofp\libc_nano.a
LOAD g:/vxl/stm32/stm32cubeide/plugins/com.st.stm32cube.ide.mcu.externaltools.gnu-tools-for-stm32.9-2020-q2-update.win32_2.0.0.202105311346/tools/bin/../lib/gcc/arm-none-eabi/9.3.1/../../../../arm-none-eabi/lib/thumb/v7-m/nofp\libnosys.a
END GROUP
LOAD g:/vxl/stm32/stm32cubeide/plugins/com.st.stm32cube.ide.mcu.externaltools.gnu-tools-for-stm32.9-2020-q2-update.win32_2.0.0.202105311346/tools/bin/../lib/gcc/arm-none-eabi/9.3.1/thumb/v7-m/nofp/crtend.o
LOAD g:/vxl/stm32/stm32cubeide/plugins/com.st.stm32cube.ide.mcu.externaltools.gnu-tools-for-stm32.9-2020-q2-update.win32_2.0.0.202105311346/tools/bin/../lib/gcc/arm-none-eabi/9.3.1/thumb/v7-m/nofp/crtn.o
                0x0000000020002800                _estack = (ORIGIN (RAM) + LENGTH (RAM))
                0x0000000000000200                _Min_Heap_Size = 0x200
                0x0000000000000400                _Min_Stack_Size = 0x400

.isr_vector     0x0000000008000000      0x10c
                0x0000000008000000                . = ALIGN (0x4)
 *(.isr_vector)
 .isr_vector    0x0000000008000000      0x10c ./Core/Startup/startup_stm32f103c6ux.o
                0x0000000008000000                g_pfnVectors
                0x000000000800010c                . = ALIGN (0x4)

.text           0x000000000800010c     0x26e4
                0x000000000800010c                . = ALIGN (0x4)
 *(.text)
 .text          0x000000000800010c       0x40 g:/vxl/stm32/stm32cubeide/plugins/com.st.stm32cube.ide.mcu.externaltools.gnu-tools-for-stm32.9-2020-q2-update.win32_2.0.0.202105311346/tools/bin/../lib/gcc/arm-none-eabi/9.3.1/thumb/v7-m/nofp/crtbegin.o
 *(.text*)
 .text.display7SEG
                0x000000000800014c      0x120 ./Core/Src/7SEG.o
                0x000000000800014c                display7SEG
 .text.update_display
                0x000000000800026c      0x150 ./Core/Src/7SEG.o
                0x000000000800026c                update_display
 .text.Init7SEG
                0x00000000080003bc       0x4c ./Core/Src/7SEG.o
                0x00000000080003bc                Init7SEG
 .text.update_7seg_buffer
                0x0000000008000408       0xc4 ./Core/Src/7SEG.o
                0x0000000008000408                update_7seg_buffer
 .text.fsm_for_input_processing
                0x00000000080004cc       0xfc ./Core/Src/input_processing.o
                0x00000000080004cc                fsm_for_input_processing
 .text.button_reading
                0x00000000080005c8      0x130 ./Core/Src/input_reading.o
                0x00000000080005c8                button_reading
 .text.is_button_pressed
                0x00000000080006f8       0x48 ./Core/Src/input_reading.o
                0x00000000080006f8                is_button_pressed
 .text.SetRedCycle
                0x0000000008000740       0x1c ./Core/Src/light_system.o
                0x0000000008000740                SetRedCycle
 .text.SetYellowCycle
                0x000000000800075c       0x1c ./Core/Src/light_system.o
                0x000000000800075c                SetYellowCycle
 .text.SetGreenCycle
                0x0000000008000778       0x1c ./Core/Src/light_system.o
                0x0000000008000778                SetGreenCycle
 .text.GetRedCycle
                0x0000000008000794       0x14 ./Core/Src/light_system.o
                0x0000000008000794                GetRedCycle
 .text.GetYellowCycle
                0x00000000080007a8       0x14 ./Core/Src/light_system.o
                0x00000000080007a8                GetYellowCycle
 .text.GetGreenCycle
                0x00000000080007bc       0x14 ./Core/Src/light_system.o
                0x00000000080007bc                GetGreenCycle
 .text.DisplayRedLight
                0x00000000080007d0       0x48 ./Core/Src/light_system.o
                0x00000000080007d0                DisplayRedLight
 .text.DisplayYellowLight
                0x0000000008000818       0x48 ./Core/Src/light_system.o
                0x0000000008000818                DisplayYellowLight
 .text.DisplayGreenLight
                0x0000000008000860       0x48 ./Core/Src/light_system.o
                0x0000000008000860                DisplayGreenLight
 .text.Scan2LEDs
                0x00000000080008a8       0x48 ./Core/Src/light_system.o
                0x00000000080008a8                Scan2LEDs
 .text.Scan4LEDs
                0x00000000080008f0       0x2c ./Core/Src/light_system.o
                0x00000000080008f0                Scan4LEDs
 .text.InitTrafficLight
                0x000000000800091c       0xb8 ./Core/Src/light_system.o
                0x000000000800091c                InitTrafficLight
 .text.TrafficLight
                0x00000000080009d4      0x248 ./Core/Src/light_system.o
                0x00000000080009d4                TrafficLight
 .text.main     0x0000000008000c1c       0x40 ./Core/Src/main.o
                0x0000000008000c1c                main
 .text.SystemClock_Config
                0x0000000008000c5c       0x76 ./Core/Src/main.o
                0x0000000008000c5c                SystemClock_Config
 *fill*         0x0000000008000cd2        0x2 
 .text.MX_TIM2_Init
                0x0000000008000cd4       0xc0 ./Core/Src/main.o
 .text.MX_GPIO_Init
                0x0000000008000d94       0xc4 ./Core/Src/main.o
 .text.HAL_TIM_PeriodElapsedCallback
                0x0000000008000e58       0x22 ./Core/Src/main.o
                0x0000000008000e58                HAL_TIM_PeriodElapsedCallback
 *fill*         0x0000000008000e7a        0x2 
 .text.GetInterruptCycle
                0x0000000008000e7c       0x14 ./Core/Src/main.o
                0x0000000008000e7c                GetInterruptCycle
 .text.Error_Handler
                0x0000000008000e90        0xa ./Core/Src/main.o
                0x0000000008000e90                Error_Handler
 *fill*         0x0000000008000e9a        0x2 
 .text.setTimer1
                0x0000000008000e9c       0x30 ./Core/Src/software_timer.o
                0x0000000008000e9c                setTimer1
 .text.setTimer2
                0x0000000008000ecc       0x30 ./Core/Src/software_timer.o
                0x0000000008000ecc                setTimer2
 .text.setTimer3
                0x0000000008000efc       0x30 ./Core/Src/software_timer.o
                0x0000000008000efc                setTimer3
 .text.setTimer4
                0x0000000008000f2c       0x30 ./Core/Src/software_timer.o
                0x0000000008000f2c                setTimer4
 .text.getTimer1
                0x0000000008000f5c       0x14 ./Core/Src/software_timer.o
                0x0000000008000f5c                getTimer1
 .text.getTimer3
                0x0000000008000f70       0x14 ./Core/Src/software_timer.o
                0x0000000008000f70                getTimer3
 .text.timerRun
                0x0000000008000f84       0x8c ./Core/Src/software_timer.o
                0x0000000008000f84                timerRun
 .text.HAL_MspInit
                0x0000000008001010       0x64 ./Core/Src/stm32f1xx_hal_msp.o
                0x0000000008001010                HAL_MspInit
 .text.HAL_TIM_Base_MspInit
                0x0000000008001074       0x48 ./Core/Src/stm32f1xx_hal_msp.o
                0x0000000008001074                HAL_TIM_Base_MspInit
 .text.NMI_Handler
                0x00000000080010bc        0x6 ./Core/Src/stm32f1xx_it.o
                0x00000000080010bc                NMI_Handler
 .text.HardFault_Handler
                0x00000000080010c2        0x6 ./Core/Src/stm32f1xx_it.o
                0x00000000080010c2                HardFault_Handler
 .text.MemManage_Handler
                0x00000000080010c8        0x6 ./Core/Src/stm32f1xx_it.o
                0x00000000080010c8                MemManage_Handler
 .text.BusFault_Handler
                0x00000000080010ce        0x6 ./Core/Src/stm32f1xx_it.o
                0x00000000080010ce                BusFault_Handler
 .text.UsageFault_Handler
                0x00000000080010d4        0x6 ./Core/Src/stm32f1xx_it.o
                0x00000000080010d4                UsageFault_Handler
 .text.SVC_Handler
                0x00000000080010da        0xc ./Core/Src/stm32f1xx_it.o
                0x00000000080010da                SVC_Handler
 .text.DebugMon_Handler
                0x00000000080010e6        0xc ./Core/Src/stm32f1xx_it.o
                0x00000000080010e6                DebugMon_Handler
 .text.PendSV_Handler
                0x00000000080010f2        0xc ./Core/Src/stm32f1xx_it.o
                0x00000000080010f2                PendSV_Handler
 .text.SysTick_Handler
                0x00000000080010fe        0xc ./Core/Src/stm32f1xx_it.o
                0x00000000080010fe                SysTick_Handler
 *fill*         0x000000000800110a        0x2 
 .text.TIM2_IRQHandler
                0x000000000800110c       0x14 ./Core/Src/stm32f1xx_it.o
                0x000000000800110c                TIM2_IRQHandler
 .text.SystemInit
                0x0000000008001120        0xc ./Core/Src/system_stm32f1xx.o
                0x0000000008001120                SystemInit
 .text.Reset_Handler
                0x000000000800112c       0x48 ./Core/Startup/startup_stm32f103c6ux.o
                0x000000000800112c                Reset_Handler
 .text.Default_Handler
                0x0000000008001174        0x2 ./Core/Startup/startup_stm32f103c6ux.o
                0x0000000008001174                RTC_Alarm_IRQHandler
                0x0000000008001174                EXTI2_IRQHandler
                0x0000000008001174                TIM1_CC_IRQHandler
                0x0000000008001174                PVD_IRQHandler
                0x0000000008001174                EXTI3_IRQHandler
                0x0000000008001174                EXTI0_IRQHandler
                0x0000000008001174                ADC1_2_IRQHandler
                0x0000000008001174                SPI1_IRQHandler
                0x0000000008001174                TAMPER_IRQHandler
                0x0000000008001174                DMA1_Channel4_IRQHandler
                0x0000000008001174                RTC_IRQHandler
                0x0000000008001174                DMA1_Channel7_IRQHandler
                0x0000000008001174                CAN1_RX1_IRQHandler
                0x0000000008001174                I2C1_EV_IRQHandler
                0x0000000008001174                DMA1_Channel6_IRQHandler
                0x0000000008001174                TIM3_IRQHandler
                0x0000000008001174                RCC_IRQHandler
                0x0000000008001174                TIM1_TRG_COM_IRQHandler
                0x0000000008001174                DMA1_Channel1_IRQHandler
                0x0000000008001174                Default_Handler
                0x0000000008001174                EXTI15_10_IRQHandler
                0x0000000008001174                EXTI9_5_IRQHandler
                0x0000000008001174                DMA1_Channel5_IRQHandler
                0x0000000008001174                EXTI4_IRQHandler
                0x0000000008001174                USB_LP_CAN1_RX0_IRQHandler
                0x0000000008001174                USB_HP_CAN1_TX_IRQHandler
                0x0000000008001174                DMA1_Channel3_IRQHandler
                0x0000000008001174                TIM1_UP_IRQHandler
                0x0000000008001174                WWDG_IRQHandler
                0x0000000008001174                TIM1_BRK_IRQHandler
                0x0000000008001174                EXTI1_IRQHandler
                0x0000000008001174                USART2_IRQHandler
                0x0000000008001174                DMA1_Channel2_IRQHandler
                0x0000000008001174                CAN1_SCE_IRQHandler
                0x0000000008001174                FLASH_IRQHandler
                0x0000000008001174                USART1_IRQHandler
                0x0000000008001174                I2C1_ER_IRQHandler
                0x0000000008001174                USBWakeUp_IRQHandler
 *fill*         0x0000000008001176        0x2 
 .text.HAL_Init
                0x0000000008001178       0x2c ./Drivers/STM32F1xx_HAL_Driver/Src/stm32f1xx_hal.o
                0x0000000008001178                HAL_Init
 .text.HAL_InitTick
                0x00000000080011a4       0x60 ./Drivers/STM32F1xx_HAL_Driver/Src/stm32f1xx_hal.o
                0x00000000080011a4                HAL_InitTick
 .text.HAL_IncTick
                0x0000000008001204       0x24 ./Drivers/STM32F1xx_HAL_Driver/Src/stm32f1xx_hal.o
                0x0000000008001204                HAL_IncTick
 .text.HAL_GetTick
                0x0000000008001228       0x14 ./Drivers/STM32F1xx_HAL_Driver/Src/stm32f1xx_hal.o
                0x0000000008001228                HAL_GetTick
 .text.__NVIC_SetPriorityGrouping
                0x000000000800123c       0x48 ./Drivers/STM32F1xx_HAL_Driver/Src/stm32f1xx_hal_cortex.o
 .text.__NVIC_GetPriorityGrouping
                0x0000000008001284       0x1c ./Drivers/STM32F1xx_HAL_Driver/Src/stm32f1xx_hal_cortex.o
 .text.__NVIC_EnableIRQ
                0x00000000080012a0       0x38 ./Drivers/STM32F1xx_HAL_Driver/Src/stm32f1xx_hal_cortex.o
 .text.__NVIC_SetPriority
                0x00000000080012d8       0x54 ./Drivers/STM32F1xx_HAL_Driver/Src/stm32f1xx_hal_cortex.o
 .text.NVIC_EncodePriority
                0x000000000800132c       0x64 ./Drivers/STM32F1xx_HAL_Driver/Src/stm32f1xx_hal_cortex.o
 .text.SysTick_Config
                0x0000000008001390       0x44 ./Drivers/STM32F1xx_HAL_Driver/Src/stm32f1xx_hal_cortex.o
 .text.HAL_NVIC_SetPriorityGrouping
                0x00000000080013d4       0x16 ./Drivers/STM32F1xx_HAL_Driver/Src/stm32f1xx_hal_cortex.o
                0x00000000080013d4                HAL_NVIC_SetPriorityGrouping
 .text.HAL_NVIC_SetPriority
                0x00000000080013ea       0x38 ./Drivers/STM32F1xx_HAL_Driver/Src/stm32f1xx_hal_cortex.o
                0x00000000080013ea                HAL_NVIC_SetPriority
 .text.HAL_NVIC_EnableIRQ
                0x0000000008001422       0x1c ./Drivers/STM32F1xx_HAL_Driver/Src/stm32f1xx_hal_cortex.o
                0x0000000008001422                HAL_NVIC_EnableIRQ
 .text.HAL_SYSTICK_Config
                0x000000000800143e       0x18 ./Drivers/STM32F1xx_HAL_Driver/Src/stm32f1xx_hal_cortex.o
                0x000000000800143e                HAL_SYSTICK_Config
 *fill*         0x0000000008001456        0x2 
 .text.HAL_GPIO_Init
                0x0000000008001458      0x2f4 ./Drivers/STM32F1xx_HAL_Driver/Src/stm32f1xx_hal_gpio.o
                0x0000000008001458                HAL_GPIO_Init
 .text.HAL_GPIO_ReadPin
                0x000000000800174c       0x2e ./Drivers/STM32F1xx_HAL_Driver/Src/stm32f1xx_hal_gpio.o
                0x000000000800174c                HAL_GPIO_ReadPin
 .text.HAL_GPIO_WritePin
                0x000000000800177a       0x30 ./Drivers/STM32F1xx_HAL_Driver/Src/stm32f1xx_hal_gpio.o
                0x000000000800177a                HAL_GPIO_WritePin
 .text.HAL_GPIO_TogglePin
                0x00000000080017aa       0x32 ./Drivers/STM32F1xx_HAL_Driver/Src/stm32f1xx_hal_gpio.o
                0x00000000080017aa                HAL_GPIO_TogglePin
 .text.HAL_RCC_OscConfig
                0x00000000080017dc      0x500 ./Drivers/STM32F1xx_HAL_Driver/Src/stm32f1xx_hal_rcc.o
                0x00000000080017dc                HAL_RCC_OscConfig
 .text.HAL_RCC_ClockConfig
                0x0000000008001cdc      0x1d4 ./Drivers/STM32F1xx_HAL_Driver/Src/stm32f1xx_hal_rcc.o
                0x0000000008001cdc                HAL_RCC_ClockConfig
 .text.HAL_RCC_GetSysClockFreq
                0x0000000008001eb0       0xa8 ./Drivers/STM32F1xx_HAL_Driver/Src/stm32f1xx_hal_rcc.o
                0x0000000008001eb0                HAL_RCC_GetSysClockFreq
 .text.RCC_Delay
                0x0000000008001f58       0x3c ./Drivers/STM32F1xx_HAL_Driver/Src/stm32f1xx_hal_rcc.o
 .text.HAL_TIM_Base_Init
                0x0000000008001f94       0x9e ./Drivers/STM32F1xx_HAL_Driver/Src/stm32f1xx_hal_tim.o
                0x0000000008001f94                HAL_TIM_Base_Init
 *fill*         0x0000000008002032        0x2 
 .text.HAL_TIM_Base_Start_IT
                0x0000000008002034       0x98 ./Drivers/STM32F1xx_HAL_Driver/Src/stm32f1xx_hal_tim.o
                0x0000000008002034                HAL_TIM_Base_Start_IT
 .text.HAL_TIM_IRQHandler
                0x00000000080020cc      0x210 ./Drivers/STM32F1xx_HAL_Driver/Src/stm32f1xx_hal_tim.o
                0x00000000080020cc                HAL_TIM_IRQHandler
 .text.HAL_TIM_ConfigClockSource
                0x00000000080022dc      0x18e ./Drivers/STM32F1xx_HAL_Driver/Src/stm32f1xx_hal_tim.o
                0x00000000080022dc                HAL_TIM_ConfigClockSource
 .text.HAL_TIM_OC_DelayElapsedCallback
                0x000000000800246a       0x12 ./Drivers/STM32F1xx_HAL_Driver/Src/stm32f1xx_hal_tim.o
                0x000000000800246a                HAL_TIM_OC_DelayElapsedCallback
 .text.HAL_TIM_IC_CaptureCallback
                0x000000000800247c       0x12 ./Drivers/STM32F1xx_HAL_Driver/Src/stm32f1xx_hal_tim.o
                0x000000000800247c                HAL_TIM_IC_CaptureCallback
 .text.HAL_TIM_PWM_PulseFinishedCallback
                0x000000000800248e       0x12 ./Drivers/STM32F1xx_HAL_Driver/Src/stm32f1xx_hal_tim.o
                0x000000000800248e                HAL_TIM_PWM_PulseFinishedCallback
 .text.HAL_TIM_TriggerCallback
                0x00000000080024a0       0x12 ./Drivers/STM32F1xx_HAL_Driver/Src/stm32f1xx_hal_tim.o
                0x00000000080024a0                HAL_TIM_TriggerCallback
 *fill*         0x00000000080024b2        0x2 
 .text.TIM_Base_SetConfig
                0x00000000080024b4       0xb0 ./Drivers/STM32F1xx_HAL_Driver/Src/stm32f1xx_hal_tim.o
                0x00000000080024b4                TIM_Base_SetConfig
 .text.TIM_TI1_ConfigInputStage
                0x0000000008002564       0x5c ./Drivers/STM32F1xx_HAL_Driver/Src/stm32f1xx_hal_tim.o
 .text.TIM_TI2_ConfigInputStage
                0x00000000080025c0       0x5e ./Drivers/STM32F1xx_HAL_Driver/Src/stm32f1xx_hal_tim.o
 .text.TIM_ITRx_SetConfig
                0x000000000800261e       0x34 ./Drivers/STM32F1xx_HAL_Driver/Src/stm32f1xx_hal_tim.o
 .text.TIM_ETR_SetConfig
                0x0000000008002652       0x3e ./Drivers/STM32F1xx_HAL_Driver/Src/stm32f1xx_hal_tim.o
                0x0000000008002652                TIM_ETR_SetConfig
 .text.HAL_TIMEx_MasterConfigSynchronization
                0x0000000008002690       0xb0 ./Drivers/STM32F1xx_HAL_Driver/Src/stm32f1xx_hal_tim_ex.o
                0x0000000008002690                HAL_TIMEx_MasterConfigSynchronization
 .text.HAL_TIMEx_CommutCallback
                0x0000000008002740       0x12 ./Drivers/STM32F1xx_HAL_Driver/Src/stm32f1xx_hal_tim_ex.o
                0x0000000008002740                HAL_TIMEx_CommutCallback
 .text.HAL_TIMEx_BreakCallback
                0x0000000008002752       0x12 ./Drivers/STM32F1xx_HAL_Driver/Src/stm32f1xx_hal_tim_ex.o
                0x0000000008002752                HAL_TIMEx_BreakCallback
 .text.__libc_init_array
                0x0000000008002764       0x48 g:/vxl/stm32/stm32cubeide/plugins/com.st.stm32cube.ide.mcu.externaltools.gnu-tools-for-stm32.9-2020-q2-update.win32_2.0.0.202105311346/tools/bin/../lib/gcc/arm-none-eabi/9.3.1/../../../../arm-none-eabi/lib/thumb/v7-m/nofp\libc_nano.a(lib_a-init.o)
                0x0000000008002764                __libc_init_array
 .text.memcpy   0x00000000080027ac       0x1c g:/vxl/stm32/stm32cubeide/plugins/com.st.stm32cube.ide.mcu.externaltools.gnu-tools-for-stm32.9-2020-q2-update.win32_2.0.0.202105311346/tools/bin/../lib/gcc/arm-none-eabi/9.3.1/../../../../arm-none-eabi/lib/thumb/v7-m/nofp\libc_nano.a(lib_a-memcpy-stub.o)
                0x00000000080027ac                memcpy
 .text.memset   0x00000000080027c8       0x10 g:/vxl/stm32/stm32cubeide/plugins/com.st.stm32cube.ide.mcu.externaltools.gnu-tools-for-stm32.9-2020-q2-update.win32_2.0.0.202105311346/tools/bin/../lib/gcc/arm-none-eabi/9.3.1/../../../../arm-none-eabi/lib/thumb/v7-m/nofp\libc_nano.a(lib_a-memset.o)
                0x00000000080027c8                memset
 *(.glue_7)
 .glue_7        0x00000000080027d8        0x0 linker stubs
 *(.glue_7t)
 .glue_7t       0x00000000080027d8        0x0 linker stubs
 *(.eh_frame)
 .eh_frame      0x00000000080027d8        0x0 g:/vxl/stm32/stm32cubeide/plugins/com.st.stm32cube.ide.mcu.externaltools.gnu-tools-for-stm32.9-2020-q2-update.win32_2.0.0.202105311346/tools/bin/../lib/gcc/arm-none-eabi/9.3.1/thumb/v7-m/nofp/crtbegin.o
 *(.init)
 .init          0x00000000080027d8        0x4 g:/vxl/stm32/stm32cubeide/plugins/com.st.stm32cube.ide.mcu.externaltools.gnu-tools-for-stm32.9-2020-q2-update.win32_2.0.0.202105311346/tools/bin/../lib/gcc/arm-none-eabi/9.3.1/thumb/v7-m/nofp/crti.o
                0x00000000080027d8                _init
 .init          0x00000000080027dc        0x8 g:/vxl/stm32/stm32cubeide/plugins/com.st.stm32cube.ide.mcu.externaltools.gnu-tools-for-stm32.9-2020-q2-update.win32_2.0.0.202105311346/tools/bin/../lib/gcc/arm-none-eabi/9.3.1/thumb/v7-m/nofp/crtn.o
 *(.fini)
 .fini          0x00000000080027e4        0x4 g:/vxl/stm32/stm32cubeide/plugins/com.st.stm32cube.ide.mcu.externaltools.gnu-tools-for-stm32.9-2020-q2-update.win32_2.0.0.202105311346/tools/bin/../lib/gcc/arm-none-eabi/9.3.1/thumb/v7-m/nofp/crti.o
                0x00000000080027e4                _fini
 .fini          0x00000000080027e8        0x8 g:/vxl/stm32/stm32cubeide/plugins/com.st.stm32cube.ide.mcu.externaltools.gnu-tools-for-stm32.9-2020-q2-update.win32_2.0.0.202105311346/tools/bin/../lib/gcc/arm-none-eabi/9.3.1/thumb/v7-m/nofp/crtn.o
                0x00000000080027f0                . = ALIGN (0x4)
                0x00000000080027f0                _etext = .

.vfp11_veneer   0x00000000080027f0        0x0
 .vfp11_veneer  0x00000000080027f0        0x0 linker stubs

.v4_bx          0x00000000080027f0        0x0
 .v4_bx         0x00000000080027f0        0x0 linker stubs

.iplt           0x00000000080027f0        0x0
 .iplt          0x00000000080027f0        0x0 g:/vxl/stm32/stm32cubeide/plugins/com.st.stm32cube.ide.mcu.externaltools.gnu-tools-for-stm32.9-2020-q2-update.win32_2.0.0.202105311346/tools/bin/../lib/gcc/arm-none-eabi/9.3.1/thumb/v7-m/nofp/crtbegin.o

.rodata         0x00000000080027f0      0x13c
                0x00000000080027f0                . = ALIGN (0x4)
 *(.rodata)
 .rodata        0x00000000080027f0      0x118 ./Core/Src/7SEG.o
 *(.rodata*)
 .rodata.AHBPrescTable
                0x0000000008002908       0x10 ./Core/Src/system_stm32f1xx.o
                0x0000000008002908                AHBPrescTable
 .rodata.aPLLMULFactorTable.6032
                0x0000000008002918       0x10 ./Drivers/STM32F1xx_HAL_Driver/Src/stm32f1xx_hal_rcc.o
 .rodata.aPredivFactorTable.6033
                0x0000000008002928        0x2 ./Drivers/STM32F1xx_HAL_Driver/Src/stm32f1xx_hal_rcc.o
                0x000000000800292c                . = ALIGN (0x4)
 *fill*         0x000000000800292a        0x2 

.rel.dyn        0x000000000800292c        0x0
 .rel.iplt      0x000000000800292c        0x0 g:/vxl/stm32/stm32cubeide/plugins/com.st.stm32cube.ide.mcu.externaltools.gnu-tools-for-stm32.9-2020-q2-update.win32_2.0.0.202105311346/tools/bin/../lib/gcc/arm-none-eabi/9.3.1/thumb/v7-m/nofp/crtbegin.o

.ARM.extab      0x000000000800292c        0x0
                0x000000000800292c                . = ALIGN (0x4)
 *(.ARM.extab* .gnu.linkonce.armextab.*)
                0x000000000800292c                . = ALIGN (0x4)

.ARM            0x000000000800292c        0x0
                0x000000000800292c                . = ALIGN (0x4)
                0x000000000800292c                __exidx_start = .
 *(.ARM.exidx*)
                0x000000000800292c                __exidx_end = .
                0x000000000800292c                . = ALIGN (0x4)

.preinit_array  0x000000000800292c        0x0
                0x000000000800292c                . = ALIGN (0x4)
                0x000000000800292c                PROVIDE (__preinit_array_start = .)
 *(.preinit_array*)
                0x000000000800292c                PROVIDE (__preinit_array_end = .)
                0x000000000800292c                . = ALIGN (0x4)

.init_array     0x000000000800292c        0x4
                0x000000000800292c                . = ALIGN (0x4)
                0x000000000800292c                PROVIDE (__init_array_start = .)
 *(SORT_BY_NAME(.init_array.*))
 *(.init_array*)
 .init_array    0x000000000800292c        0x4 g:/vxl/stm32/stm32cubeide/plugins/com.st.stm32cube.ide.mcu.externaltools.gnu-tools-for-stm32.9-2020-q2-update.win32_2.0.0.202105311346/tools/bin/../lib/gcc/arm-none-eabi/9.3.1/thumb/v7-m/nofp/crtbegin.o
                0x0000000008002930                PROVIDE (__init_array_end = .)
                0x0000000008002930                . = ALIGN (0x4)

.fini_array     0x0000000008002930        0x4
                0x0000000008002930                . = ALIGN (0x4)
                [!provide]                        PROVIDE (__fini_array_start = .)
 *(SORT_BY_NAME(.fini_array.*))
 *(.fini_array*)
 .fini_array    0x0000000008002930        0x4 g:/vxl/stm32/stm32cubeide/plugins/com.st.stm32cube.ide.mcu.externaltools.gnu-tools-for-stm32.9-2020-q2-update.win32_2.0.0.202105311346/tools/bin/../lib/gcc/arm-none-eabi/9.3.1/thumb/v7-m/nofp/crtbegin.o
                [!provide]                        PROVIDE (__fini_array_end = .)
                0x0000000008002934                . = ALIGN (0x4)
                0x0000000008002934                _sidata = LOADADDR (.data)

.data           0x0000000020000000       0x20 load address 0x0000000008002934
                0x0000000020000000                . = ALIGN (0x4)
                0x0000000020000000                _sdata = .
 *(.data)
 *(.data*)
 .data.buttonBuffer
                0x0000000020000000        0x3 ./Core/Src/input_reading.o
 *fill*         0x0000000020000003        0x1 
 .data.debounceButtonBuffer0
                0x0000000020000004        0x3 ./Core/Src/input_reading.o
 *fill*         0x0000000020000007        0x1 
 .data.debounceButtonBuffer1
                0x0000000020000008        0x3 ./Core/Src/input_reading.o
 *fill*         0x000000002000000b        0x1 
 .data.debounceButtonBuffer2
                0x000000002000000c        0x3 ./Core/Src/input_reading.o
 *fill*         0x000000002000000f        0x1 
 .data.debounceButtonBuffer3
                0x0000000020000010        0x3 ./Core/Src/input_reading.o
 .data.HORIZONTAL
                0x0000000020000013        0x1 ./Core/Src/light_system.o
                0x0000000020000013                HORIZONTAL
 .data.SystemCoreClock
                0x0000000020000014        0x4 ./Core/Src/system_stm32f1xx.o
                0x0000000020000014                SystemCoreClock
 .data.uwTickPrio
                0x0000000020000018        0x4 ./Drivers/STM32F1xx_HAL_Driver/Src/stm32f1xx_hal.o
                0x0000000020000018                uwTickPrio
 .data.uwTickFreq
                0x000000002000001c        0x1 ./Drivers/STM32F1xx_HAL_Driver/Src/stm32f1xx_hal.o
                0x000000002000001c                uwTickFreq
 *(.RamFunc)
 *(.RamFunc*)
                0x0000000020000020                . = ALIGN (0x4)
 *fill*         0x000000002000001d        0x3 
                0x0000000020000020                _edata = .

.igot.plt       0x0000000020000020        0x0 load address 0x0000000008002954
 .igot.plt      0x0000000020000020        0x0 g:/vxl/stm32/stm32cubeide/plugins/com.st.stm32cube.ide.mcu.externaltools.gnu-tools-for-stm32.9-2020-q2-update.win32_2.0.0.202105311346/tools/bin/../lib/gcc/arm-none-eabi/9.3.1/thumb/v7-m/nofp/crtbegin.o
                0x0000000020000020                . = ALIGN (0x4)

.bss            0x0000000020000020       0xc4 load address 0x0000000008002954
                0x0000000020000020                _sbss = .
                0x0000000020000020                __bss_start__ = _sbss
 *(.bss)
 .bss           0x0000000020000020       0x1c g:/vxl/stm32/stm32cubeide/plugins/com.st.stm32cube.ide.mcu.externaltools.gnu-tools-for-stm32.9-2020-q2-update.win32_2.0.0.202105311346/tools/bin/../lib/gcc/arm-none-eabi/9.3.1/thumb/v7-m/nofp/crtbegin.o
 *(.bss*)
 .bss.led_buffer
                0x000000002000003c       0x10 ./Core/Src/7SEG.o
                0x000000002000003c                led_buffer
 .bss.mode      0x000000002000004c        0x1 ./Core/Src/input_processing.o
                0x000000002000004c                mode
 *fill*         0x000000002000004d        0x3 
 .bss.flagForButtonPress1s
                0x0000000020000050        0x3 ./Core/Src/input_reading.o
 *fill*         0x0000000020000053        0x1 
 .bss.counterForButtonPress1s
                0x0000000020000054        0x6 ./Core/Src/input_reading.o
 *fill*         0x000000002000005a        0x2 
 .bss.hold_counter
                0x000000002000005c        0x4 ./Core/Src/input_reading.o
                0x000000002000005c                hold_counter
 .bss.red_cycle
                0x0000000020000060        0x4 ./Core/Src/light_system.o
                0x0000000020000060                red_cycle
 .bss.yellow_cycle
                0x0000000020000064        0x4 ./Core/Src/light_system.o
                0x0000000020000064                yellow_cycle
 .bss.green_cycle
                0x0000000020000068        0x4 ./Core/Src/light_system.o
                0x0000000020000068                green_cycle
 .bss.VERTICAL  0x000000002000006c        0x1 ./Core/Src/light_system.o
                0x000000002000006c                VERTICAL
 *fill*         0x000000002000006d        0x3 
 .bss.interrupt_cycle
                0x0000000020000070        0x4 ./Core/Src/main.o
                0x0000000020000070                interrupt_cycle
 .bss.timer1_counter
                0x0000000020000074        0x4 ./Core/Src/software_timer.o
                0x0000000020000074                timer1_counter
 .bss.timer2_counter
                0x0000000020000078        0x4 ./Core/Src/software_timer.o
                0x0000000020000078                timer2_counter
 .bss.timer3_counter
                0x000000002000007c        0x4 ./Core/Src/software_timer.o
                0x000000002000007c                timer3_counter
 .bss.timer4_counter
                0x0000000020000080        0x4 ./Core/Src/software_timer.o
                0x0000000020000080                timer4_counter
 .bss.timer1_flag
                0x0000000020000084        0x4 ./Core/Src/software_timer.o
                0x0000000020000084                timer1_flag
 .bss.timer2_flag
                0x0000000020000088        0x4 ./Core/Src/software_timer.o
                0x0000000020000088                timer2_flag
 .bss.timer3_flag
                0x000000002000008c        0x4 ./Core/Src/software_timer.o
                0x000000002000008c                timer3_flag
 .bss.timer4_flag
                0x0000000020000090        0x4 ./Core/Src/software_timer.o
                0x0000000020000090                timer4_flag
 *(COMMON)
 COMMON         0x0000000020000094        0x4 ./Core/Src/light_system.o
                0x0000000020000094                display_flag
 COMMON         0x0000000020000098       0x48 ./Core/Src/main.o
                0x0000000020000098                htim2
 COMMON         0x00000000200000e0        0x4 ./Drivers/STM32F1xx_HAL_Driver/Src/stm32f1xx_hal.o
                0x00000000200000e0                uwTick
                0x00000000200000e4                . = ALIGN (0x4)
                0x00000000200000e4                _ebss = .
                0x00000000200000e4                __bss_end__ = _ebss

._user_heap_stack
                0x00000000200000e4      0x604 load address 0x0000000008002954
                0x00000000200000e8                . = ALIGN (0x8)
 *fill*         0x00000000200000e4        0x4 
                [!provide]                        PROVIDE (end = .)
                0x00000000200000e8                PROVIDE (_end = .)
                0x00000000200002e8                . = (. + _Min_Heap_Size)
 *fill*         0x00000000200000e8      0x200 
                0x00000000200006e8                . = (. + _Min_Stack_Size)
 *fill*         0x00000000200002e8      0x400 
                0x00000000200006e8                . = ALIGN (0x8)

/DISCARD/
 libc.a(*)
 libm.a(*)
 libgcc.a(*)

.ARM.attributes
                0x0000000000000000       0x29
 *(.ARM.attributes)
 .ARM.attributes
                0x0000000000000000       0x1d g:/vxl/stm32/stm32cubeide/plugins/com.st.stm32cube.ide.mcu.externaltools.gnu-tools-for-stm32.9-2020-q2-update.win32_2.0.0.202105311346/tools/bin/../lib/gcc/arm-none-eabi/9.3.1/thumb/v7-m/nofp/crti.o
 .ARM.attributes
                0x000000000000001d       0x2d g:/vxl/stm32/stm32cubeide/plugins/com.st.stm32cube.ide.mcu.externaltools.gnu-tools-for-stm32.9-2020-q2-update.win32_2.0.0.202105311346/tools/bin/../lib/gcc/arm-none-eabi/9.3.1/thumb/v7-m/nofp/crtbegin.o
 .ARM.attributes
                0x000000000000004a       0x2d ./Core/Src/7SEG.o
 .ARM.attributes
                0x0000000000000077       0x2d ./Core/Src/input_processing.o
 .ARM.attributes
                0x00000000000000a4       0x2d ./Core/Src/input_reading.o
 .ARM.attributes
                0x00000000000000d1       0x2d ./Core/Src/light_system.o
 .ARM.attributes
                0x00000000000000fe       0x2d ./Core/Src/main.o
 .ARM.attributes
                0x000000000000012b       0x2d ./Core/Src/software_timer.o
 .ARM.attributes
                0x0000000000000158       0x2d ./Core/Src/stm32f1xx_hal_msp.o
 .ARM.attributes
                0x0000000000000185       0x2d ./Core/Src/stm32f1xx_it.o
 .ARM.attributes
                0x00000000000001b2       0x2d ./Core/Src/system_stm32f1xx.o
 .ARM.attributes
                0x00000000000001df       0x21 ./Core/Startup/startup_stm32f103c6ux.o
 .ARM.attributes
                0x0000000000000200       0x2d ./Drivers/STM32F1xx_HAL_Driver/Src/stm32f1xx_hal.o
 .ARM.attributes
                0x000000000000022d       0x2d ./Drivers/STM32F1xx_HAL_Driver/Src/stm32f1xx_hal_cortex.o
 .ARM.attributes
                0x000000000000025a       0x2d ./Drivers/STM32F1xx_HAL_Driver/Src/stm32f1xx_hal_gpio.o
 .ARM.attributes
                0x0000000000000287       0x2d ./Drivers/STM32F1xx_HAL_Driver/Src/stm32f1xx_hal_rcc.o
 .ARM.attributes
                0x00000000000002b4       0x2d ./Drivers/STM32F1xx_HAL_Driver/Src/stm32f1xx_hal_tim.o
 .ARM.attributes
                0x00000000000002e1       0x2d ./Drivers/STM32F1xx_HAL_Driver/Src/stm32f1xx_hal_tim_ex.o
 .ARM.attributes
                0x000000000000030e       0x2d g:/vxl/stm32/stm32cubeide/plugins/com.st.stm32cube.ide.mcu.externaltools.gnu-tools-for-stm32.9-2020-q2-update.win32_2.0.0.202105311346/tools/bin/../lib/gcc/arm-none-eabi/9.3.1/../../../../arm-none-eabi/lib/thumb/v7-m/nofp\libc_nano.a(lib_a-init.o)
 .ARM.attributes
                0x000000000000033b       0x2d g:/vxl/stm32/stm32cubeide/plugins/com.st.stm32cube.ide.mcu.externaltools.gnu-tools-for-stm32.9-2020-q2-update.win32_2.0.0.202105311346/tools/bin/../lib/gcc/arm-none-eabi/9.3.1/../../../../arm-none-eabi/lib/thumb/v7-m/nofp\libc_nano.a(lib_a-memcpy-stub.o)
 .ARM.attributes
                0x0000000000000368       0x2d g:/vxl/stm32/stm32cubeide/plugins/com.st.stm32cube.ide.mcu.externaltools.gnu-tools-for-stm32.9-2020-q2-update.win32_2.0.0.202105311346/tools/bin/../lib/gcc/arm-none-eabi/9.3.1/../../../../arm-none-eabi/lib/thumb/v7-m/nofp\libc_nano.a(lib_a-memset.o)
 .ARM.attributes
                0x0000000000000395       0x1d g:/vxl/stm32/stm32cubeide/plugins/com.st.stm32cube.ide.mcu.externaltools.gnu-tools-for-stm32.9-2020-q2-update.win32_2.0.0.202105311346/tools/bin/../lib/gcc/arm-none-eabi/9.3.1/thumb/v7-m/nofp/crtn.o
OUTPUT(Lab3.elf elf32-littlearm)
LOAD linker stubs
LOAD g:/vxl/stm32/stm32cubeide/plugins/com.st.stm32cube.ide.mcu.externaltools.gnu-tools-for-stm32.9-2020-q2-update.win32_2.0.0.202105311346/tools/bin/../lib/gcc/arm-none-eabi/9.3.1/../../../../arm-none-eabi/lib/thumb/v7-m/nofp\libc.a
LOAD g:/vxl/stm32/stm32cubeide/plugins/com.st.stm32cube.ide.mcu.externaltools.gnu-tools-for-stm32.9-2020-q2-update.win32_2.0.0.202105311346/tools/bin/../lib/gcc/arm-none-eabi/9.3.1/../../../../arm-none-eabi/lib/thumb/v7-m/nofp\libm.a
LOAD g:/vxl/stm32/stm32cubeide/plugins/com.st.stm32cube.ide.mcu.externaltools.gnu-tools-for-stm32.9-2020-q2-update.win32_2.0.0.202105311346/tools/bin/../lib/gcc/arm-none-eabi/9.3.1/thumb/v7-m/nofp\libgcc.a

.debug_info     0x0000000000000000     0x950c
 .debug_info    0x0000000000000000      0x309 ./Core/Src/7SEG.o
 .debug_info    0x0000000000000309      0x1f1 ./Core/Src/input_processing.o
 .debug_info    0x00000000000004fa      0x377 ./Core/Src/input_reading.o
 .debug_info    0x0000000000000871      0x49f ./Core/Src/light_system.o
 .debug_info    0x0000000000000d10      0xbed ./Core/Src/main.o
 .debug_info    0x00000000000018fd      0x33e ./Core/Src/software_timer.o
 .debug_info    0x0000000000001c3b      0xa09 ./Core/Src/stm32f1xx_hal_msp.o
 .debug_info    0x0000000000002644      0x7b9 ./Core/Src/stm32f1xx_it.o
 .debug_info    0x0000000000002dfd      0x2be ./Core/Src/system_stm32f1xx.o
 .debug_info    0x00000000000030bb       0x22 ./Core/Startup/startup_stm32f103c6ux.o
 .debug_info    0x00000000000030dd      0x74c ./Drivers/STM32F1xx_HAL_Driver/Src/stm32f1xx_hal.o
 .debug_info    0x0000000000003829      0xbbe ./Drivers/STM32F1xx_HAL_Driver/Src/stm32f1xx_hal_cortex.o
 .debug_info    0x00000000000043e7      0x701 ./Drivers/STM32F1xx_HAL_Driver/Src/stm32f1xx_hal_gpio.o
 .debug_info    0x0000000000004ae8      0x893 ./Drivers/STM32F1xx_HAL_Driver/Src/stm32f1xx_hal_rcc.o
 .debug_info    0x000000000000537b     0x2c12 ./Drivers/STM32F1xx_HAL_Driver/Src/stm32f1xx_hal_tim.o
 .debug_info    0x0000000000007f8d     0x157f ./Drivers/STM32F1xx_HAL_Driver/Src/stm32f1xx_hal_tim_ex.o

.debug_abbrev   0x0000000000000000     0x1bb2
 .debug_abbrev  0x0000000000000000      0x173 ./Core/Src/7SEG.o
 .debug_abbrev  0x0000000000000173       0xe0 ./Core/Src/input_processing.o
 .debug_abbrev  0x0000000000000253      0x165 ./Core/Src/input_reading.o
 .debug_abbrev  0x00000000000003b8      0x1cf ./Core/Src/light_system.o
 .debug_abbrev  0x0000000000000587      0x246 ./Core/Src/main.o
 .debug_abbrev  0x00000000000007cd      0x139 ./Core/Src/software_timer.o
 .debug_abbrev  0x0000000000000906      0x1b7 ./Core/Src/stm32f1xx_hal_msp.o
 .debug_abbrev  0x0000000000000abd      0x176 ./Core/Src/stm32f1xx_it.o
 .debug_abbrev  0x0000000000000c33      0x14e ./Core/Src/system_stm32f1xx.o
 .debug_abbrev  0x0000000000000d81       0x12 ./Core/Startup/startup_stm32f103c6ux.o
 .debug_abbrev  0x0000000000000d93      0x1ed ./Drivers/STM32F1xx_HAL_Driver/Src/stm32f1xx_hal.o
 .debug_abbrev  0x0000000000000f80      0x313 ./Drivers/STM32F1xx_HAL_Driver/Src/stm32f1xx_hal_cortex.o
 .debug_abbrev  0x0000000000001293      0x1e8 ./Drivers/STM32F1xx_HAL_Driver/Src/stm32f1xx_hal_gpio.o
 .debug_abbrev  0x000000000000147b      0x273 ./Drivers/STM32F1xx_HAL_Driver/Src/stm32f1xx_hal_rcc.o
 .debug_abbrev  0x00000000000016ee      0x25e ./Drivers/STM32F1xx_HAL_Driver/Src/stm32f1xx_hal_tim.o
 .debug_abbrev  0x000000000000194c      0x266 ./Drivers/STM32F1xx_HAL_Driver/Src/stm32f1xx_hal_tim_ex.o

.debug_aranges  0x0000000000000000      0xa90
 .debug_aranges
                0x0000000000000000       0x38 ./Core/Src/7SEG.o
 .debug_aranges
                0x0000000000000038       0x20 ./Core/Src/input_processing.o
 .debug_aranges
                0x0000000000000058       0x30 ./Core/Src/input_reading.o
 .debug_aranges
                0x0000000000000088       0x80 ./Core/Src/light_system.o
 .debug_aranges
                0x0000000000000108       0x50 ./Core/Src/main.o
 .debug_aranges
                0x0000000000000158       0x50 ./Core/Src/software_timer.o
 .debug_aranges
                0x00000000000001a8       0x30 ./Core/Src/stm32f1xx_hal_msp.o
 .debug_aranges
                0x00000000000001d8       0x68 ./Core/Src/stm32f1xx_it.o
 .debug_aranges
                0x0000000000000240       0x28 ./Core/Src/system_stm32f1xx.o
 .debug_aranges
                0x0000000000000268       0x28 ./Core/Startup/startup_stm32f103c6ux.o
 .debug_aranges
                0x0000000000000290       0xe0 ./Drivers/STM32F1xx_HAL_Driver/Src/stm32f1xx_hal.o
 .debug_aranges
                0x0000000000000370      0x100 ./Drivers/STM32F1xx_HAL_Driver/Src/stm32f1xx_hal_cortex.o
 .debug_aranges
                0x0000000000000470       0x58 ./Drivers/STM32F1xx_HAL_Driver/Src/stm32f1xx_hal_gpio.o
 .debug_aranges
                0x00000000000004c8       0x90 ./Drivers/STM32F1xx_HAL_Driver/Src/stm32f1xx_hal_rcc.o
 .debug_aranges
                0x0000000000000558      0x3d0 ./Drivers/STM32F1xx_HAL_Driver/Src/stm32f1xx_hal_tim.o
 .debug_aranges
                0x0000000000000928      0x168 ./Drivers/STM32F1xx_HAL_Driver/Src/stm32f1xx_hal_tim_ex.o

.debug_ranges   0x0000000000000000      0x998
 .debug_ranges  0x0000000000000000       0x28 ./Core/Src/7SEG.o
 .debug_ranges  0x0000000000000028       0x10 ./Core/Src/input_processing.o
 .debug_ranges  0x0000000000000038       0x20 ./Core/Src/input_reading.o
 .debug_ranges  0x0000000000000058       0x70 ./Core/Src/light_system.o
 .debug_ranges  0x00000000000000c8       0x40 ./Core/Src/main.o
 .debug_ranges  0x0000000000000108       0x40 ./Core/Src/software_timer.o
 .debug_ranges  0x0000000000000148       0x20 ./Core/Src/stm32f1xx_hal_msp.o
 .debug_ranges  0x0000000000000168       0x58 ./Core/Src/stm32f1xx_it.o
 .debug_ranges  0x00000000000001c0       0x18 ./Core/Src/system_stm32f1xx.o
 .debug_ranges  0x00000000000001d8       0x20 ./Core/Startup/startup_stm32f103c6ux.o
 .debug_ranges  0x00000000000001f8       0xd0 ./Drivers/STM32F1xx_HAL_Driver/Src/stm32f1xx_hal.o
 .debug_ranges  0x00000000000002c8       0xf0 ./Drivers/STM32F1xx_HAL_Driver/Src/stm32f1xx_hal_cortex.o
 .debug_ranges  0x00000000000003b8       0x48 ./Drivers/STM32F1xx_HAL_Driver/Src/stm32f1xx_hal_gpio.o
 .debug_ranges  0x0000000000000400       0x80 ./Drivers/STM32F1xx_HAL_Driver/Src/stm32f1xx_hal_rcc.o
 .debug_ranges  0x0000000000000480      0x3c0 ./Drivers/STM32F1xx_HAL_Driver/Src/stm32f1xx_hal_tim.o
 .debug_ranges  0x0000000000000840      0x158 ./Drivers/STM32F1xx_HAL_Driver/Src/stm32f1xx_hal_tim_ex.o

.debug_macro    0x0000000000000000    0x16c04
 .debug_macro   0x0000000000000000      0x1b0 ./Core/Src/7SEG.o
 .debug_macro   0x00000000000001b0      0xa9c ./Core/Src/7SEG.o
 .debug_macro   0x0000000000000c4c      0x215 ./Core/Src/7SEG.o
 .debug_macro   0x0000000000000e61       0x2e ./Core/Src/7SEG.o
 .debug_macro   0x0000000000000e8f       0x22 ./Core/Src/7SEG.o
 .debug_macro   0x0000000000000eb1       0x22 ./Core/Src/7SEG.o
 .debug_macro   0x0000000000000ed3       0x8e ./Core/Src/7SEG.o
 .debug_macro   0x0000000000000f61       0x51 ./Core/Src/7SEG.o
 .debug_macro   0x0000000000000fb2      0x103 ./Core/Src/7SEG.o
 .debug_macro   0x00000000000010b5       0x6a ./Core/Src/7SEG.o
 .debug_macro   0x000000000000111f      0x1df ./Core/Src/7SEG.o
 .debug_macro   0x00000000000012fe       0x1c ./Core/Src/7SEG.o
 .debug_macro   0x000000000000131a       0x22 ./Core/Src/7SEG.o
 .debug_macro   0x000000000000133c       0xc3 ./Core/Src/7SEG.o
 .debug_macro   0x00000000000013ff      0xd23 ./Core/Src/7SEG.o
 .debug_macro   0x0000000000002122     0xde75 ./Core/Src/7SEG.o
 .debug_macro   0x000000000000ff97       0x6d ./Core/Src/7SEG.o
 .debug_macro   0x0000000000010004     0x348d ./Core/Src/7SEG.o
 .debug_macro   0x0000000000013491      0x174 ./Core/Src/7SEG.o
 .debug_macro   0x0000000000013605       0x5c ./Core/Src/7SEG.o
 .debug_macro   0x0000000000013661      0x5bc ./Core/Src/7SEG.o
 .debug_macro   0x0000000000013c1d      0x1b7 ./Core/Src/7SEG.o
 .debug_macro   0x0000000000013dd4      0x1cb ./Core/Src/7SEG.o
 .debug_macro   0x0000000000013f9f      0x114 ./Core/Src/7SEG.o
 .debug_macro   0x00000000000140b3      0x1b2 ./Core/Src/7SEG.o
 .debug_macro   0x0000000000014265       0x27 ./Core/Src/7SEG.o
 .debug_macro   0x000000000001428c      0x12f ./Core/Src/7SEG.o
 .debug_macro   0x00000000000143bb      0x1bc ./Core/Src/7SEG.o
 .debug_macro   0x0000000000014577       0x34 ./Core/Src/7SEG.o
 .debug_macro   0x00000000000145ab       0x3c ./Core/Src/7SEG.o
 .debug_macro   0x00000000000145e7       0x57 ./Core/Src/7SEG.o
 .debug_macro   0x000000000001463e       0x87 ./Core/Src/7SEG.o
 .debug_macro   0x00000000000146c5      0x183 ./Core/Src/7SEG.o
 .debug_macro   0x0000000000014848      0x140 ./Core/Src/7SEG.o
 .debug_macro   0x0000000000014988      0x8ed ./Core/Src/7SEG.o
 .debug_macro   0x0000000000015275       0x69 ./Core/Src/7SEG.o
 .debug_macro   0x00000000000152de      0x124 ./Core/Src/7SEG.o
 .debug_macro   0x0000000000015402      0x1c7 ./Core/Src/input_processing.o
 .debug_macro   0x00000000000155c9       0x1c ./Core/Src/input_processing.o
 .debug_macro   0x00000000000155e5      0x1be ./Core/Src/input_reading.o
 .debug_macro   0x00000000000157a3      0x1c7 ./Core/Src/light_system.o
 .debug_macro   0x000000000001596a      0x1d1 ./Core/Src/main.o
 .debug_macro   0x0000000000015b3b      0x1b0 ./Core/Src/software_timer.o
 .debug_macro   0x0000000000015ceb      0x1a6 ./Core/Src/stm32f1xx_hal_msp.o
 .debug_macro   0x0000000000015e91      0x1b0 ./Core/Src/stm32f1xx_it.o
 .debug_macro   0x0000000000016041      0x197 ./Core/Src/system_stm32f1xx.o
 .debug_macro   0x00000000000161d8      0x1bb ./Drivers/STM32F1xx_HAL_Driver/Src/stm32f1xx_hal.o
 .debug_macro   0x0000000000016393      0x197 ./Drivers/STM32F1xx_HAL_Driver/Src/stm32f1xx_hal_cortex.o
 .debug_macro   0x000000000001652a      0x202 ./Drivers/STM32F1xx_HAL_Driver/Src/stm32f1xx_hal_gpio.o
 .debug_macro   0x000000000001672c      0x1a9 ./Drivers/STM32F1xx_HAL_Driver/Src/stm32f1xx_hal_rcc.o
 .debug_macro   0x00000000000168d5      0x198 ./Drivers/STM32F1xx_HAL_Driver/Src/stm32f1xx_hal_tim.o
 .debug_macro   0x0000000000016a6d      0x197 ./Drivers/STM32F1xx_HAL_Driver/Src/stm32f1xx_hal_tim_ex.o

.debug_line     0x0000000000000000     0xb5e7
 .debug_line    0x0000000000000000      0x722 ./Core/Src/7SEG.o
 .debug_line    0x0000000000000722      0x6b9 ./Core/Src/input_processing.o
 .debug_line    0x0000000000000ddb      0x6fe ./Core/Src/input_reading.o
 .debug_line    0x00000000000014d9      0x864 ./Core/Src/light_system.o
 .debug_line    0x0000000000001d3d      0x7d3 ./Core/Src/main.o
 .debug_line    0x0000000000002510      0x70b ./Core/Src/software_timer.o
 .debug_line    0x0000000000002c1b      0x671 ./Core/Src/stm32f1xx_hal_msp.o
 .debug_line    0x000000000000328c      0x70f ./Core/Src/stm32f1xx_it.o
 .debug_line    0x000000000000399b      0x6b3 ./Core/Src/system_stm32f1xx.o
 .debug_line    0x000000000000404e       0x86 ./Core/Startup/startup_stm32f103c6ux.o
 .debug_line    0x00000000000040d4      0x8e0 ./Drivers/STM32F1xx_HAL_Driver/Src/stm32f1xx_hal.o
 .debug_line    0x00000000000049b4      0xac8 ./Drivers/STM32F1xx_HAL_Driver/Src/stm32f1xx_hal_cortex.o
 .debug_line    0x000000000000547c      0x963 ./Drivers/STM32F1xx_HAL_Driver/Src/stm32f1xx_hal_gpio.o
 .debug_line    0x0000000000005ddf      0xcec ./Drivers/STM32F1xx_HAL_Driver/Src/stm32f1xx_hal_rcc.o
 .debug_line    0x0000000000006acb     0x3316 ./Drivers/STM32F1xx_HAL_Driver/Src/stm32f1xx_hal_tim.o
 .debug_line    0x0000000000009de1     0x1806 ./Drivers/STM32F1xx_HAL_Driver/Src/stm32f1xx_hal_tim_ex.o

.debug_str      0x0000000000000000    0x82623
 .debug_str     0x0000000000000000    0x7f88e ./Core/Src/7SEG.o
                                      0x7fbe1 (size before relaxing)
 .debug_str     0x000000000007f88e       0xbb ./Core/Src/input_processing.o
                                      0x7fbe3 (size before relaxing)
 .debug_str     0x000000000007f949      0x177 ./Core/Src/input_reading.o
                                      0x7fcce (size before relaxing)
 .debug_str     0x000000000007fac0      0x177 ./Core/Src/light_system.o
                                      0x7fd5e (size before relaxing)
 .debug_str     0x000000000007fc37      0x71a ./Core/Src/main.o
                                      0x803c2 (size before relaxing)
 .debug_str     0x0000000000080351       0x9e ./Core/Src/software_timer.o
                                      0x7fc0e (size before relaxing)
 .debug_str     0x00000000000803ef      0x2ba ./Core/Src/stm32f1xx_hal_msp.o
                                      0x80335 (size before relaxing)
 .debug_str     0x00000000000806a9       0xcd ./Core/Src/stm32f1xx_it.o
                                      0x80097 (size before relaxing)
 .debug_str     0x0000000000080776       0x52 ./Core/Src/system_stm32f1xx.o
                                      0x7f6c0 (size before relaxing)
 .debug_str     0x00000000000807c8       0x36 ./Core/Startup/startup_stm32f103c6ux.o
                                         0x4f (size before relaxing)
 .debug_str     0x00000000000807fe      0x304 ./Drivers/STM32F1xx_HAL_Driver/Src/stm32f1xx_hal.o
                                      0x7fd17 (size before relaxing)
 .debug_str     0x0000000000080b02      0x300 ./Drivers/STM32F1xx_HAL_Driver/Src/stm32f1xx_hal_cortex.o
                                      0x7fd1f (size before relaxing)
 .debug_str     0x0000000000080e02      0x316 ./Drivers/STM32F1xx_HAL_Driver/Src/stm32f1xx_hal_gpio.o
                                      0x7fa84 (size before relaxing)
 .debug_str     0x0000000000081118      0x24f ./Drivers/STM32F1xx_HAL_Driver/Src/stm32f1xx_hal_rcc.o
                                      0x7fabd (size before relaxing)
 .debug_str     0x0000000000081367      0xdce ./Drivers/STM32F1xx_HAL_Driver/Src/stm32f1xx_hal_tim.o
                                      0x80a96 (size before relaxing)
 .debug_str     0x0000000000082135      0x4ee ./Drivers/STM32F1xx_HAL_Driver/Src/stm32f1xx_hal_tim_ex.o
                                      0x80247 (size before relaxing)

.comment        0x0000000000000000       0x53
 .comment       0x0000000000000000       0x53 ./Core/Src/7SEG.o
                                         0x54 (size before relaxing)
 .comment       0x0000000000000053       0x54 ./Core/Src/input_processing.o
 .comment       0x0000000000000053       0x54 ./Core/Src/input_reading.o
 .comment       0x0000000000000053       0x54 ./Core/Src/light_system.o
 .comment       0x0000000000000053       0x54 ./Core/Src/main.o
 .comment       0x0000000000000053       0x54 ./Core/Src/software_timer.o
 .comment       0x0000000000000053       0x54 ./Core/Src/stm32f1xx_hal_msp.o
 .comment       0x0000000000000053       0x54 ./Core/Src/stm32f1xx_it.o
 .comment       0x0000000000000053       0x54 ./Core/Src/system_stm32f1xx.o
 .comment       0x0000000000000053       0x54 ./Drivers/STM32F1xx_HAL_Driver/Src/stm32f1xx_hal.o
 .comment       0x0000000000000053       0x54 ./Drivers/STM32F1xx_HAL_Driver/Src/stm32f1xx_hal_cortex.o
 .comment       0x0000000000000053       0x54 ./Drivers/STM32F1xx_HAL_Driver/Src/stm32f1xx_hal_gpio.o
 .comment       0x0000000000000053       0x54 ./Drivers/STM32F1xx_HAL_Driver/Src/stm32f1xx_hal_rcc.o
 .comment       0x0000000000000053       0x54 ./Drivers/STM32F1xx_HAL_Driver/Src/stm32f1xx_hal_tim.o
 .comment       0x0000000000000053       0x54 ./Drivers/STM32F1xx_HAL_Driver/Src/stm32f1xx_hal_tim_ex.o

.debug_frame    0x0000000000000000     0x2a34
 .debug_frame   0x0000000000000000       0xa0 ./Core/Src/7SEG.o
 .debug_frame   0x00000000000000a0       0x2c ./Core/Src/input_processing.o
 .debug_frame   0x00000000000000cc       0x84 ./Core/Src/input_reading.o
 .debug_frame   0x0000000000000150      0x1c4 ./Core/Src/light_system.o
 .debug_frame   0x0000000000000314       0xf4 ./Core/Src/main.o
 .debug_frame   0x0000000000000408      0x110 ./Core/Src/software_timer.o
 .debug_frame   0x0000000000000518       0x80 ./Core/Src/stm32f1xx_hal_msp.o
 .debug_frame   0x0000000000000598      0x120 ./Core/Src/stm32f1xx_it.o
 .debug_frame   0x00000000000006b8       0x58 ./Core/Src/system_stm32f1xx.o
 .debug_frame   0x0000000000000710      0x334 ./Drivers/STM32F1xx_HAL_Driver/Src/stm32f1xx_hal.o
 .debug_frame   0x0000000000000a44      0x428 ./Drivers/STM32F1xx_HAL_Driver/Src/stm32f1xx_hal_cortex.o
 .debug_frame   0x0000000000000e6c      0x14c ./Drivers/STM32F1xx_HAL_Driver/Src/stm32f1xx_hal_gpio.o
 .debug_frame   0x0000000000000fb8      0x218 ./Drivers/STM32F1xx_HAL_Driver/Src/stm32f1xx_hal_rcc.o
 .debug_frame   0x00000000000011d0     0x11b8 ./Drivers/STM32F1xx_HAL_Driver/Src/stm32f1xx_hal_tim.o
 .debug_frame   0x0000000000002388      0x638 ./Drivers/STM32F1xx_HAL_Driver/Src/stm32f1xx_hal_tim_ex.o
 .debug_frame   0x00000000000029c0       0x2c g:/vxl/stm32/stm32cubeide/plugins/com.st.stm32cube.ide.mcu.externaltools.gnu-tools-for-stm32.9-2020-q2-update.win32_2.0.0.202105311346/tools/bin/../lib/gcc/arm-none-eabi/9.3.1/../../../../arm-none-eabi/lib/thumb/v7-m/nofp\libc_nano.a(lib_a-init.o)
 .debug_frame   0x00000000000029ec       0x28 g:/vxl/stm32/stm32cubeide/plugins/com.st.stm32cube.ide.mcu.externaltools.gnu-tools-for-stm32.9-2020-q2-update.win32_2.0.0.202105311346/tools/bin/../lib/gcc/arm-none-eabi/9.3.1/../../../../arm-none-eabi/lib/thumb/v7-m/nofp\libc_nano.a(lib_a-memcpy-stub.o)
 .debug_frame   0x0000000000002a14       0x20 g:/vxl/stm32/stm32cubeide/plugins/com.st.stm32cube.ide.mcu.externaltools.gnu-tools-for-stm32.9-2020-q2-update.win32_2.0.0.202105311346/tools/bin/../lib/gcc/arm-none-eabi/9.3.1/../../../../arm-none-eabi/lib/thumb/v7-m/nofp\libc_nano.a(lib_a-memset.o)
